<html>
<body>
<pre>
<h1>礦ision Build Log</h1>
<h2>Tool Versions:</h2>
IDE-Version: μVision V5.25.2.0
Copyright (C) 2018 ARM Ltd and ARM Germany GmbH. All rights reserved.
License Information: 1 1, 1, LIC=76F5U-S6KKT-MMS9I-TX1TP-EIBFG-R6572
 
Tool Versions:
Toolchain:       MDK-ARM Plus  Version: 5.25.2.0
Toolchain Path:  C:\Keil_v5\ARM\ARMCC\Bin
C Compiler:      Armcc.exe V5.06 update 6 (build 750)
Assembler:       Armasm.exe V5.06 update 6 (build 750)
Linker/Locator:  ArmLink.exe V5.06 update 6 (build 750)
Library Manager: ArmAr.exe V5.06 update 6 (build 750)
Hex Converter:   FromElf.exe V5.06 update 6 (build 750)
CPU DLL:         SARMCM3.DLL V5.25.2.0
Dialog DLL:      DCM.DLL V1.17.1.0
Target DLL:      STLink\ST-LINKIII-KEIL_SWO.dll V3.0.1.0
Dialog DLL:      TCM.DLL V1.35.1.0
 
<h2>Project:</h2>
D:\CIMC\7====2025\嵌入式\demo板资料\04 例程模板\新建文件夹\01 CIMC_GD32_RTC_driver\project\CIMC_GD32_RTC_driver.uvprojx
Project File Date:  04/30/2025

<h2>Output:</h2>
*** Using Compiler 'V5.06 update 6 (build 750)', folder: 'C:\Keil_v5\ARM\ARMCC\Bin'
Build target 'CIMC_GD32_RTC_driver'
compiling RTC.c...
compiling USART.c...
compiling Function.c...
linking...
Program Size: Code=5524 RO-data=460 RW-data=24 ZI-data=1064  
FromELF: creating hex file...
".\Objects\CIMC_GD32_RTC_driver.axf" - 0 Error(s), 0 Warning(s).

<h2>Software Packages used:</h2>

Package Vendor: ARM
                http://www.keil.com/pack/ARM.CMSIS.5.3.0.pack
                ARM.CMSIS.5.3.0
                CMSIS (Cortex Microcontroller Software Interface Standard)
   * Component: CORE Version: 5.1.1

Package Vendor: GigaDevice
                https://gd32mcu.com/data/documents/pack/GigaDevice.GD32F4xx_DFP.3.0.3.pack
                GigaDevice.GD32F4xx_DFP.3.0.3
                GigaDevice GD32F4xx Series Device Support and Examples

<h2>Collection of Component include folders:</h2>
  .\RTE\_CIMC_GD32_RTC_driver
  C:\Keil_v5\ARM\PACK\ARM\CMSIS\5.3.0\CMSIS\Include
  C:\Keil_v5\ARM\PACK\GigaDevice\GD32F4xx_DFP\3.0.3\Device\F4XX\Include

<h2>Collection of Component Files used:</h2>

   * Component: ARM::CMSIS:CORE:5.1.1
Build Time Elapsed:  00:00:09
</pre>
</body>
</html>
