<html>
<body>
<pre>
<h1>礦ision Build Log</h1>
<h2>Tool Versions:</h2>
IDE-Version: μVision V5.25.2.0
Copyright (C) 2018 ARM Ltd and ARM Germany GmbH. All rights reserved.
License Information: 1 cdy06cdy@qq.com, 1, LIC=----
 
Tool Versions:
Toolchain:       MDK-Lite  Version: 5.25.2.0
Toolchain Path:  E:\Keil_v5\ARM\ARMCC\Bin
C Compiler:      Armcc.exe V5.06 update 6 (build 750)
Assembler:       Armasm.exe V5.06 update 6 (build 750)
Linker/Locator:  ArmLink.exe V5.06 update 6 (build 750)
Library Manager: ArmAr.exe V5.06 update 6 (build 750)
Hex Converter:   FromElf.exe V5.06 update 6 (build 750)
CPU DLL:         SARMCM3.DLL V5.25.2.0
Dialog DLL:      DCM.DLL V1.17.1.0
Target DLL:      STLink\ST-LINKIII-KEIL_SWO.dll V3.0.1.0
Dialog DLL:      TCM.DLL V1.35.1.0
 
<h2>Project:</h2>
C:\Users\cdy06\OneDrive\桌面\2025工业嵌入式开发资料\04 例程模板\01 CIMC_GD32_Template\project\CIMC_GD32_Template.uvprojx
Project File Date:  06/12/2025

<h2>Output:</h2>
*** Using Compiler 'V5.06 update 6 (build 750)', folder: 'E:\Keil_v5\ARM\ARMCC\Bin'
Build target 'CIMC_GD32_Template'
compiling main.c...
compiling gd32f4xx_it.c...
compiling system_gd32f4xx.c...
compiling gd32f4xx_adc.c...
compiling systick.c...
compiling gd32f4xx_can.c...
compiling gd32f4xx_dac.c...
compiling Function.c...
compiling gd32f4xx_enet.c...
compiling LED.c...
compiling gd32f4xx_ctc.c...
compiling gd32f4xx_dma.c...
compiling gd32f4xx_dci.c...
compiling gd32f4xx_dbg.c...
compiling gd32f4xx_crc.c...
compiling gd32f4xx_exmc.c...
compiling gd32f4xx_exti.c...
compiling gd32f4xx_fmc.c...
compiling gd32f4xx_fwdgt.c...
compiling gd32f4xx_sdio.c...
compiling gd32f4xx_misc.c...
compiling gd32f4xx_rcu.c...
compiling gd32f4xx_spi.c...
compiling gd32f4xx_syscfg.c...
compiling gd32f4xx_ipa.c...
compiling gd32f4xx_i2c.c...
compiling gd32f4xx_iref.c...
compiling gd32f4xx_pmu.c...
compiling gd32f4xx_rtc.c...
compiling gd32f4xx_gpio.c...
assembling startup_gd32f450_470.s...
compiling gd32f4xx_tli.c...
compiling gd32f4xx_usart.c...
compiling gd32f4xx_wwdgt.c...
compiling gd32f4xx_timer.c...
compiling gd32f4xx_trng.c...
linking...
Program Size: Code=812 RO-data=460 RW-data=8 ZI-data=1024  
".\Objects\CIMC_GD32_Template.axf" - 0 Error(s), 0 Warning(s).

<h2>Software Packages used:</h2>

Package Vendor: ARM
                http://www.keil.com/pack/ARM.CMSIS.5.3.0.pack
                ARM.CMSIS.5.3.0
                CMSIS (Cortex Microcontroller Software Interface Standard)
   * Component: CORE Version: 5.1.1

Package Vendor: GigaDevice
                https://gd32mcu.com/data/documents/pack/GigaDevice.GD32F4xx_DFP.3.0.3.pack
                GigaDevice.GD32F4xx_DFP.3.0.3
                GigaDevice GD32F4xx Series Device Support and Examples

<h2>Collection of Component include folders:</h2>
  .\RTE\_CIMC_GD32_Template
  E:\Keil_v5\ARM\PACK\ARM\CMSIS\5.3.0\CMSIS\Include
  E:\Keil_v5\ARM\PACK\GigaDevice\GD32F4xx_DFP\3.0.3\Device\F4XX\Include

<h2>Collection of Component Files used:</h2>

   * Component: ARM::CMSIS:CORE:5.1.1
Build Time Elapsed:  00:02:55
</pre>
</body>
</html>
