<html>
<body>
<pre>
<h1>礦ision Build Log</h1>
<h2>Tool Versions:</h2>
IDE-Version: μVision V5.39.0.0
Copyright (C) 2023 ARM Ltd and ARM Germany GmbH. All rights reserved.
License Information: ggg Simon, hhh, LIC=PE7DL-0AL5A-LQP0Q-NS6B0-EYBS1-E6VPI
 
Tool Versions:
Toolchain:       MDK-ARM Plus  Version: 5.39.0.0
Toolchain Path:  D:\simon\keil5\ARM\ARMCC\Bin
C Compiler:      Armcc.exe V5.06 update 6 (build 750)
Assembler:       Armasm.exe V5.06 update 6 (build 750)
Linker/Locator:  ArmLink.exe V5.06 update 6 (build 750)
Library Manager: ArmAr.exe V5.06 update 6 (build 750)
Hex Converter:   FromElf.exe V5.06 update 6 (build 750)
CPU DLL:         SARMCM3.DLL V5.39.0.0
Dialog DLL:      DCM.DLL V1.17.5.0
Target DLL:      STLink\ST-LINKIII-KEIL_SWO.dll V3.2.0.0
Dialog DLL:      TCM.DLL V1.56.4.0
 
<h2>Project:</h2>
C:\Users\Simon\Desktop\Desktop\Bootloader - 副本 - 副本 (2)\project\CIMC_GD32_Template.uvprojx
Project File Date:  06/08/2026

<h2>Output:</h2>
*** Using Compiler 'V5.06 update 6 (build 750)', folder: 'D:\simon\keil5\ARM\ARMCC\Bin'
Rebuild target 'CIMC_GD32_Template'
compiling protocol_crc.c...
compiling gd32f4xx_it.c...
compiling protocol_ascii_hex.c...
compiling gd32f4xx_dac.c...
compiling bsp_usart_rs485.c...
compiling bsp_flash.c...
compiling Function.c...
compiling main.c...
compiling boot_flag.c...
compiling gd32f4xx_adc.c...
compiling gd32f4xx_ctc.c...
compiling system_gd32f4xx.c...
compiling boot_jump.c...
compiling gd32f4xx_dbg.c...
compiling gd32f4xx_can.c...
compiling gd32f4xx_crc.c...
compiling systick.c...
compiling boot_protocol.c...
..\Protocol\boot\boot_protocol.c(19): warning:  #177-D: function "BootProtocol_ReadU16BE"  was declared but never referenced
  static uint16_t BootProtocol_ReadU16BE(const uint8_t *p)
..\Protocol\boot\boot_protocol.c: 1 warning, 0 errors
compiling boot_update.c...
..\Function\boot_update\boot_update.c(14): warning:  #550-D: variable "s_fw_version"  was set but never used
  static uint32_t s_fw_version = 0;
..\Function\boot_update\boot_update.c: 1 warning, 0 errors
compiling OLED.c...
compiling gd32f4xx_dci.c...
compiling gd32f4xx_dma.c...
compiling gd32f4xx_exmc.c...
compiling gd32f4xx_exti.c...
compiling gd32f4xx_enet.c...
compiling gd32f4xx_fmc.c...
compiling gd32f4xx_fwdgt.c...
compiling gd32f4xx_gpio.c...
compiling gd32f4xx_i2c.c...
compiling gd32f4xx_ipa.c...
compiling gd32f4xx_iref.c...
compiling gd32f4xx_misc.c...
compiling gd32f4xx_pmu.c...
compiling gd32f4xx_rcu.c...
compiling gd32f4xx_rtc.c...
compiling gd32f4xx_sdio.c...
compiling gd32f4xx_spi.c...
compiling gd32f4xx_syscfg.c...
assembling startup_gd32f450_470.s...
compiling gd32f4xx_tli.c...
compiling gd32f4xx_trng.c...
compiling gd32f4xx_timer.c...
compiling gd32f4xx_usart.c...
compiling gd32f4xx_wwdgt.c...
linking...
Program Size: Code=9638 RO-data=8730 RW-data=44 ZI-data=7828  
".\Objects\CIMC_GD32_Template.axf" - 0 Error(s), 2 Warning(s).

<h2>Software Packages used:</h2>

Package Vendor: ARM
                http://www.keil.com/pack/ARM.CMSIS.5.9.0.pack
                ARM::CMSIS@5.9.0
                CMSIS (Common Microcontroller Software Interface Standard)
   * Component: CORE Version: 5.6.0

Package Vendor: GigaDevice
                https://gd32mcu.com/data/documents/pack/GigaDevice.GD32F4xx_DFP.3.0.3.pack
                GigaDevice::GD32F4xx_DFP@3.0.3
                GigaDevice GD32F4xx Series Device Support and Examples

<h2>Collection of Component include folders:</h2>
  ./RTE/_CIMC_GD32_Template
  D:/simon/keil5/packs/ARM/CMSIS/5.9.0/CMSIS/Core/Include
  D:/simon/keil5/packs/GigaDevice/GD32F4xx_DFP/3.0.3/Device/F4XX/Include

<h2>Collection of Component Files used:</h2>

   * Component: ARM::CMSIS:CORE@5.6.0
Build Time Elapsed:  00:00:07
</pre>
</body>
</html>
