<html>
<body>
<pre>
<h1>礦ision Build Log</h1>
<h2>Tool Versions:</h2>
IDE-Version: μVision V5.41.0.0
Copyright (C) 2024 ARM Ltd and ARM Germany GmbH. All rights reserved.
License Information: 1 1, 1, LIC=VGXG8-39ZAI-12NLE-545TP-QB6KN-UNEAV
 
Tool Versions:
Toolchain:       MDK-ARM Plus  Version: 5.41.0.0
Toolchain Path:  d:\Keil_v5\ARM\ARMCC\Bin
C Compiler:      Armcc.exe V5.06 update 6 (build 750)
Assembler:       Armasm.exe V5.06 update 6 (build 750)
Linker/Locator:  ArmLink.exe V5.06 update 6 (build 750)
Library Manager: ArmAr.exe V5.06 update 6 (build 750)
Hex Converter:   FromElf.exe V5.06 update 6 (build 750)
CPU DLL:         SARMCM3.DLL V5.41.0.0
Dialog DLL:      DCM.DLL V1.17.5.0
Target DLL:      UL2CM3.DLL V1.164.14.0
Dialog DLL:      TCM.DLL V1.56.4.0
 
<h2>Project:</h2>
D:\CIMC\8====2026\嵌入式系统开发\GD32F470 Development Kit 资源\04 例程模板\13_TimerOutputPulse_driver\project\CIMC_GD32_TimerOutputPulse_driver.uvprojx
Project File Date:  04/08/2026

<h2>Output:</h2>
*** Using Compiler 'V5.06 update 6 (build 750)', folder: 'd:\Keil_v5\ARM\ARMCC\Bin'
Build target 'CIMC_GD32_TimerOutputPulse_driver'
compiling fwdgt.c...
compiling gd32f4xx_crc.c...
compiling systick.c...
compiling system_gd32f4xx.c...
compiling gd32f4xx_it.c...
compiling main.c...
compiling LED.c...
compiling Function.c...
compiling timer.c...
compiling gd32f4xx_can.c...
compiling gd32f4xx_adc.c...
compiling gd32f4xx_ctc.c...
compiling gd32f4xx_dac.c...
compiling gd32f4xx_dbg.c...
compiling gd32f4xx_dci.c...
compiling gd32f4xx_dma.c...
compiling gd32f4xx_exmc.c...
compiling gd32f4xx_exti.c...
compiling gd32f4xx_enet.c...
compiling gd32f4xx_fwdgt.c...
compiling gd32f4xx_fmc.c...
compiling gd32f4xx_iref.c...
compiling gd32f4xx_gpio.c...
compiling gd32f4xx_i2c.c...
compiling gd32f4xx_ipa.c...
compiling gd32f4xx_misc.c...
compiling gd32f4xx_pmu.c...
compiling gd32f4xx_sdio.c...
compiling gd32f4xx_rtc.c...
compiling gd32f4xx_rcu.c...
assembling startup_gd32f450_470.s...
compiling gd32f4xx_spi.c...
compiling gd32f4xx_syscfg.c...
compiling gd32f4xx_trng.c...
compiling gd32f4xx_usart.c...
compiling gd32f4xx_tli.c...
compiling gd32f4xx_timer.c...
compiling gd32f4xx_wwdgt.c...
linking...
Program Size: Code=2700 RO-data=460 RW-data=8 ZI-data=1024  
".\Objects\CIMC_GD32_TimerOutputPulse_driver.axf" - 0 Error(s), 0 Warning(s).

<h2>Software Packages used:</h2>

Package Vendor: ARM
                https://www.keil.com/pack/ARM.CMSIS.6.1.0.pack
                ARM::CMSIS@6.1.0
                CMSIS (Common Microcontroller Software Interface Standard)
   * Component: CORE Version: 6.1.0

Package Vendor: GigaDevice
                https://gd32mcu.com/data/documents/pack/GigaDevice.GD32F4xx_DFP.3.0.3.pack
                GigaDevice::GD32F4xx_DFP@3.0.3
                GigaDevice GD32F4xx Series Device Support and Examples

<h2>Collection of Component include folders:</h2>
  ./RTE/_CIMC_GD32_TimerOutputPulse_driver
  D:/Keil_v5/ARM/PACK/ARM/CMSIS/6.1.0/CMSIS/Core/Include
  D:/Keil_v5/ARM/PACK/GigaDevice/GD32F4xx_DFP/3.0.3/Device/F4XX/Include

<h2>Collection of Component Files used:</h2>

   * Component: ARM::CMSIS:CORE@6.1.0
Build Time Elapsed:  00:00:04
</pre>
</body>
</html>
